// Jest Snapshot v1, https://goo.gl/fbAQLP

exports[`CategorySelector snapshot Categories has elements and first is selected 1`] = `
<div
  className="MuiFormControl-root"
>
  <label
    className="MuiFormLabel-root MuiInputLabel-root makeStyles-placeholder-1 MuiInputLabel-formControl MuiInputLabel-animated MuiInputLabel-shrink MuiFormLabel-filled"
    data-shrink={true}
    id="categorySelector"
  >
    <div
      className="MuiBox-root MuiBox-root-27"
    >
      Category
      
    </div>
  </label>
  <div
    className="MuiInputBase-root MuiInput-root MuiInput-underline MuiInputBase-formControl MuiInput-formControl"
    notched={true}
    onClick={[Function]}
  >
    <div
      aria-haspopup="listbox"
      aria-labelledby="categorySelector "
      className="MuiSelect-root MuiSelect-select MuiSelect-selectMenu MuiInputBase-input MuiInput-input"
      onBlur={[Function]}
      onFocus={[Function]}
      onKeyDown={[Function]}
      onMouseDown={[Function]}
      role="button"
      tabIndex={0}
    >
      CategoryA
    </div>
    <input
      onAnimationStart={[Function]}
      type="hidden"
      value={1}
    />
    <svg
      aria-hidden="true"
      className="MuiSvgIcon-root MuiSelect-icon"
      focusable="false"
      role="presentation"
      viewBox="0 0 24 24"
    >
      <path
        d="M7 10l5 5 5-5z"
      />
    </svg>
  </div>
</div>
`;
